###############################################################################
#
# IAR ELF Linker V8.32.3.193/W32 for ARM                  18/Apr/2019  10:57:23
# Copyright 2007-2019 IAR Systems AB.
#
#    Output file  =  
#        C:\Users\Manlio\Desktop\desktop\programmazione\STM32\DiscoveryAnimation\EWARM\DiscoveryAnimation\Exe\DiscoveryAnimation.out
#    Map file     =  
#        C:\Users\Manlio\Desktop\desktop\programmazione\STM32\DiscoveryAnimation\EWARM\DiscoveryAnimation\List\DiscoveryAnimation.map
#    Command line =  
#        -f C:\Users\Manlio\AppData\Local\Temp\EWC50A.tmp
#        (C:\Users\Manlio\Desktop\desktop\programmazione\STM32\DiscoveryAnimation\EWARM\DiscoveryAnimation\Obj\cmsis_os.o
#        C:\Users\Manlio\Desktop\desktop\programmazione\STM32\DiscoveryAnimation\EWARM\DiscoveryAnimation\Obj\croutine.o
#        C:\Users\Manlio\Desktop\desktop\programmazione\STM32\DiscoveryAnimation\EWARM\DiscoveryAnimation\Obj\event_groups.o
#        C:\Users\Manlio\Desktop\desktop\programmazione\STM32\DiscoveryAnimation\EWARM\DiscoveryAnimation\Obj\freertos.o
#        C:\Users\Manlio\Desktop\desktop\programmazione\STM32\DiscoveryAnimation\EWARM\DiscoveryAnimation\Obj\heap_4.o
#        C:\Users\Manlio\Desktop\desktop\programmazione\STM32\DiscoveryAnimation\EWARM\DiscoveryAnimation\Obj\list.o
#        C:\Users\Manlio\Desktop\desktop\programmazione\STM32\DiscoveryAnimation\EWARM\DiscoveryAnimation\Obj\main.o
#        C:\Users\Manlio\Desktop\desktop\programmazione\STM32\DiscoveryAnimation\EWARM\DiscoveryAnimation\Obj\port.o
#        C:\Users\Manlio\Desktop\desktop\programmazione\STM32\DiscoveryAnimation\EWARM\DiscoveryAnimation\Obj\portasm.o
#        C:\Users\Manlio\Desktop\desktop\programmazione\STM32\DiscoveryAnimation\EWARM\DiscoveryAnimation\Obj\queue.o
#        C:\Users\Manlio\Desktop\desktop\programmazione\STM32\DiscoveryAnimation\EWARM\DiscoveryAnimation\Obj\startup_stm32f303xc.o
#        C:\Users\Manlio\Desktop\desktop\programmazione\STM32\DiscoveryAnimation\EWARM\DiscoveryAnimation\Obj\stm32f3xx_hal.o
#        C:\Users\Manlio\Desktop\desktop\programmazione\STM32\DiscoveryAnimation\EWARM\DiscoveryAnimation\Obj\stm32f3xx_hal_cortex.o
#        C:\Users\Manlio\Desktop\desktop\programmazione\STM32\DiscoveryAnimation\EWARM\DiscoveryAnimation\Obj\stm32f3xx_hal_dma.o
#        C:\Users\Manlio\Desktop\desktop\programmazione\STM32\DiscoveryAnimation\EWARM\DiscoveryAnimation\Obj\stm32f3xx_hal_flash.o
#        C:\Users\Manlio\Desktop\desktop\programmazione\STM32\DiscoveryAnimation\EWARM\DiscoveryAnimation\Obj\stm32f3xx_hal_flash_ex.o
#        C:\Users\Manlio\Desktop\desktop\programmazione\STM32\DiscoveryAnimation\EWARM\DiscoveryAnimation\Obj\stm32f3xx_hal_gpio.o
#        C:\Users\Manlio\Desktop\desktop\programmazione\STM32\DiscoveryAnimation\EWARM\DiscoveryAnimation\Obj\stm32f3xx_hal_i2c.o
#        C:\Users\Manlio\Desktop\desktop\programmazione\STM32\DiscoveryAnimation\EWARM\DiscoveryAnimation\Obj\stm32f3xx_hal_i2c_ex.o
#        C:\Users\Manlio\Desktop\desktop\programmazione\STM32\DiscoveryAnimation\EWARM\DiscoveryAnimation\Obj\stm32f3xx_hal_msp.o
#        C:\Users\Manlio\Desktop\desktop\programmazione\STM32\DiscoveryAnimation\EWARM\DiscoveryAnimation\Obj\stm32f3xx_hal_pcd.o
#        C:\Users\Manlio\Desktop\desktop\programmazione\STM32\DiscoveryAnimation\EWARM\DiscoveryAnimation\Obj\stm32f3xx_hal_pcd_ex.o
#        C:\Users\Manlio\Desktop\desktop\programmazione\STM32\DiscoveryAnimation\EWARM\DiscoveryAnimation\Obj\stm32f3xx_hal_pwr.o
#        C:\Users\Manlio\Desktop\desktop\programmazione\STM32\DiscoveryAnimation\EWARM\DiscoveryAnimation\Obj\stm32f3xx_hal_pwr_ex.o
#        C:\Users\Manlio\Desktop\desktop\programmazione\STM32\DiscoveryAnimation\EWARM\DiscoveryAnimation\Obj\stm32f3xx_hal_rcc.o
#        C:\Users\Manlio\Desktop\desktop\programmazione\STM32\DiscoveryAnimation\EWARM\DiscoveryAnimation\Obj\stm32f3xx_hal_rcc_ex.o
#        C:\Users\Manlio\Desktop\desktop\programmazione\STM32\DiscoveryAnimation\EWARM\DiscoveryAnimation\Obj\stm32f3xx_hal_spi.o
#        C:\Users\Manlio\Desktop\desktop\programmazione\STM32\DiscoveryAnimation\EWARM\DiscoveryAnimation\Obj\stm32f3xx_hal_spi_ex.o
#        C:\Users\Manlio\Desktop\desktop\programmazione\STM32\DiscoveryAnimation\EWARM\DiscoveryAnimation\Obj\stm32f3xx_hal_tim.o
#        C:\Users\Manlio\Desktop\desktop\programmazione\STM32\DiscoveryAnimation\EWARM\DiscoveryAnimation\Obj\stm32f3xx_hal_tim_ex.o
#        C:\Users\Manlio\Desktop\desktop\programmazione\STM32\DiscoveryAnimation\EWARM\DiscoveryAnimation\Obj\stm32f3xx_it.o
#        C:\Users\Manlio\Desktop\desktop\programmazione\STM32\DiscoveryAnimation\EWARM\DiscoveryAnimation\Obj\system_stm32f3xx.o
#        C:\Users\Manlio\Desktop\desktop\programmazione\STM32\DiscoveryAnimation\EWARM\DiscoveryAnimation\Obj\tasks.o
#        C:\Users\Manlio\Desktop\desktop\programmazione\STM32\DiscoveryAnimation\EWARM\DiscoveryAnimation\Obj\timers.o
#        --redirect _Printf=_PrintfFull --redirect _Scanf=_ScanfFull
#        --no_out_extension -o
#        C:\Users\Manlio\Desktop\desktop\programmazione\STM32\DiscoveryAnimation\EWARM\DiscoveryAnimation\Exe\DiscoveryAnimation.out
#        --map
#        C:\Users\Manlio\Desktop\desktop\programmazione\STM32\DiscoveryAnimation\EWARM\DiscoveryAnimation\List\DiscoveryAnimation.map
#        --config
#        C:\Users\Manlio\Desktop\desktop\programmazione\STM32\DiscoveryAnimation\EWARM/stm32f303xc_flash.icf
#        --semihosting --entry __iar_program_start --vfe --text_out locale)
#
###############################################################################

*******************************************************************************
*** RUNTIME MODEL ATTRIBUTES
***

CppFlavor       = *
__SystemLibrary = DLib
__dlib_version  = 6


*******************************************************************************
*** HEAP SELECTION
***

The basic heap was selected because some modules are built with
size limitations (and not runtime checking), and --advanced_heap
was not specified.


*******************************************************************************
*** PLACEMENT SUMMARY
***

"A0":  place at 0x800'0000 { ro section .intvec };
"P1":  place in [from 0x800'0000 to 0x803'ffff] { ro };
define block CSTACK with size = 1K, alignment = 8 { };
define block HEAP with size = 512, alignment = 8 { };
"P2":  place in [from 0x2000'0000 to 0x2000'9fff] {
          rw, block CSTACK, block HEAP };
initialize by copy { rw };

  Section            Kind         Address    Size  Object
  -------            ----         -------    ----  ------
"A0":                                       0x188
  .intvec            ro code   0x800'0000   0x188  startup_stm32f303xc.o [1]
                             - 0x800'0188   0x188

"P1":                                      0x1e70
  .text              ro code   0x800'0188   0x534  tasks.o [1]
  .text              ro code   0x800'06bc   0x1b4  heap_4.o [1]
  .text              ro code   0x800'0870    0x90  list.o [1]
  .text              ro code   0x800'0900   0x190  port.o [1]
  CODE               ro code   0x800'0a90    0xa8  portasm.o [1]
  .text              ro code   0x800'0b38   0x490  stm32f3xx_hal_rcc.o [1]
  .text              ro code   0x800'0fc8     0xc  stm32f3xx_hal.o [1]
  .text              ro code   0x800'0fd4    0x40  stm32f3xx_hal.o [1]
  .text              ro code   0x800'1014    0xac  stm32f3xx_hal_cortex.o [1]
  .text              ro code   0x800'10c0   0x374  main.o [1]
  .text              ro code   0x800'1434    0x24  stm32f3xx_hal.o [1]
  .text              ro code   0x800'1458    0xb0  stm32f3xx_hal_i2c.o [1]
  .text              ro code   0x800'1508    0x7e  stm32f3xx_hal_i2c_ex.o [1]
  .text              ro code   0x800'1586    0x3a  zero_init3.o [4]
  .text              ro code   0x800'15c0    0xb8  stm32f3xx_hal_spi.o [1]
  .text              ro code   0x800'1678    0x98  stm32f3xx_hal_pcd.o [1]
  .text              ro code   0x800'1710    0x18  ABImemcpy_small.o [4]
  .text              ro code   0x800'1728    0x66  cmsis_os.o [1]
  .text              ro code   0x800'1790     0x6  ABImemclr4.o [4]
  .text              ro code   0x800'1798   0x1b8  stm32f3xx_hal_rcc_ex.o [1]
  .text              ro code   0x800'1950   0x1d0  stm32f3xx_hal_gpio.o [1]
  .text              ro code   0x800'1b20   0x158  stm32f3xx_hal_msp.o [1]
  .text              ro code   0x800'1c78    0x32  ABImemset48.o [4]
  .text              ro code   0x800'1cac    0x7c  system_stm32f3xx.o [1]
  .rodata            const     0x800'1d28    0x64  main.o [1]
  .text              ro code   0x800'1d8c    0x2c  copy_init3.o [4]
  .text              ro code   0x800'1db8    0x28  data_init.o [4]
  .text              ro code   0x800'1de0    0x22  fpinit_M.o [3]
  .iar.init_table    const     0x800'1e04    0x24  - Linker created -
  .text              ro code   0x800'1e28    0x1e  cmain.o [4]
  .text              ro code   0x800'1e46     0x4  low_level_init.o [2]
  .text              ro code   0x800'1e4a     0x4  exit.o [2]
  .text              ro code   0x800'1e50     0xa  cexit.o [4]
  .text              ro code   0x800'1e5c    0x14  exit.o [5]
  .rodata            const     0x800'1e70    0x1c  main.o [1]
  Initializer bytes  const     0x800'1e8c    0x1c  <for P2-1>
  .text              ro code   0x800'1ea8    0x1a  stm32f3xx_it.o [1]
  .text              ro code   0x800'1ec4    0x10  stm32f3xx_hal.o [1]
  .text              ro code   0x800'1ed4    0x10  startup_stm32f303xc.o [1]
  .text              ro code   0x800'1ee4     0xc  cstartup_M.o [4]
  .text              ro code   0x800'1ef0     0x4  startup_stm32f303xc.o [1]
  .text              ro code   0x800'1ef4     0x4  startup_stm32f303xc.o [1]
  .text              ro code   0x800'1ef8     0x4  startup_stm32f303xc.o [1]
  .text              ro code   0x800'1efc     0x4  startup_stm32f303xc.o [1]
  .text              ro code   0x800'1f00     0x4  startup_stm32f303xc.o [1]
  .text              ro code   0x800'1f04     0x4  startup_stm32f303xc.o [1]
  .text              ro code   0x800'1f08     0x4  startup_stm32f303xc.o [1]
  .text              ro code   0x800'1f0c     0x4  startup_stm32f303xc.o [1]
  .text              ro code   0x800'1f10     0x4  startup_stm32f303xc.o [1]
  .text              ro code   0x800'1f14     0x4  startup_stm32f303xc.o [1]
  .text              ro code   0x800'1f18     0x4  startup_stm32f303xc.o [1]
  .text              ro code   0x800'1f1c     0x4  startup_stm32f303xc.o [1]
  .text              ro code   0x800'1f20     0x4  startup_stm32f303xc.o [1]
  .text              ro code   0x800'1f24     0x4  startup_stm32f303xc.o [1]
  .text              ro code   0x800'1f28     0x4  startup_stm32f303xc.o [1]
  .text              ro code   0x800'1f2c     0x4  startup_stm32f303xc.o [1]
  .text              ro code   0x800'1f30     0x4  startup_stm32f303xc.o [1]
  .text              ro code   0x800'1f34     0x4  startup_stm32f303xc.o [1]
  .text              ro code   0x800'1f38     0x4  startup_stm32f303xc.o [1]
  .text              ro code   0x800'1f3c     0x4  startup_stm32f303xc.o [1]
  .text              ro code   0x800'1f40     0x4  startup_stm32f303xc.o [1]
  .text              ro code   0x800'1f44     0x4  startup_stm32f303xc.o [1]
  .text              ro code   0x800'1f48     0x4  startup_stm32f303xc.o [1]
  .text              ro code   0x800'1f4c     0x4  startup_stm32f303xc.o [1]
  .text              ro code   0x800'1f50     0x4  startup_stm32f303xc.o [1]
  .text              ro code   0x800'1f54     0x4  startup_stm32f303xc.o [1]
  .text              ro code   0x800'1f58     0x4  startup_stm32f303xc.o [1]
  .text              ro code   0x800'1f5c     0x4  startup_stm32f303xc.o [1]
  .text              ro code   0x800'1f60     0x4  startup_stm32f303xc.o [1]
  .text              ro code   0x800'1f64     0x4  startup_stm32f303xc.o [1]
  .text              ro code   0x800'1f68     0x4  startup_stm32f303xc.o [1]
  .text              ro code   0x800'1f6c     0x4  startup_stm32f303xc.o [1]
  .text              ro code   0x800'1f70     0x4  startup_stm32f303xc.o [1]
  .text              ro code   0x800'1f74     0x4  startup_stm32f303xc.o [1]
  .text              ro code   0x800'1f78     0x4  startup_stm32f303xc.o [1]
  .text              ro code   0x800'1f7c     0x4  startup_stm32f303xc.o [1]
  .text              ro code   0x800'1f80     0x4  startup_stm32f303xc.o [1]
  .text              ro code   0x800'1f84     0x4  startup_stm32f303xc.o [1]
  .text              ro code   0x800'1f88     0x4  startup_stm32f303xc.o [1]
  .text              ro code   0x800'1f8c     0x4  startup_stm32f303xc.o [1]
  .text              ro code   0x800'1f90     0x4  startup_stm32f303xc.o [1]
  .text              ro code   0x800'1f94     0x4  startup_stm32f303xc.o [1]
  .text              ro code   0x800'1f98     0x4  startup_stm32f303xc.o [1]
  .text              ro code   0x800'1f9c     0x4  startup_stm32f303xc.o [1]
  .text              ro code   0x800'1fa0     0x4  startup_stm32f303xc.o [1]
  .text              ro code   0x800'1fa4     0x4  startup_stm32f303xc.o [1]
  .text              ro code   0x800'1fa8     0x4  startup_stm32f303xc.o [1]
  .text              ro code   0x800'1fac     0x4  startup_stm32f303xc.o [1]
  .text              ro code   0x800'1fb0     0x4  startup_stm32f303xc.o [1]
  .text              ro code   0x800'1fb4     0x4  startup_stm32f303xc.o [1]
  .text              ro code   0x800'1fb8     0x4  startup_stm32f303xc.o [1]
  .text              ro code   0x800'1fbc     0x4  startup_stm32f303xc.o [1]
  .text              ro code   0x800'1fc0     0x4  startup_stm32f303xc.o [1]
  .text              ro code   0x800'1fc4     0x4  startup_stm32f303xc.o [1]
  .text              ro code   0x800'1fc8     0x4  startup_stm32f303xc.o [1]
  .text              ro code   0x800'1fcc     0x4  startup_stm32f303xc.o [1]
  .text              ro code   0x800'1fd0     0x4  startup_stm32f303xc.o [1]
  .text              ro code   0x800'1fd4     0x4  startup_stm32f303xc.o [1]
  .text              ro code   0x800'1fd8     0x4  startup_stm32f303xc.o [1]
  .text              ro code   0x800'1fdc     0x4  startup_stm32f303xc.o [1]
  .text              ro code   0x800'1fe0     0x4  startup_stm32f303xc.o [1]
  .text              ro code   0x800'1fe4     0x4  startup_stm32f303xc.o [1]
  .text              ro code   0x800'1fe8     0x4  startup_stm32f303xc.o [1]
  .text              ro code   0x800'1fec     0x4  startup_stm32f303xc.o [1]
  .text              ro code   0x800'1ff0     0x4  startup_stm32f303xc.o [1]
  .text              ro code   0x800'1ff4     0x4  startup_stm32f303xc.o [1]
  .rodata            const     0x800'1ff8     0x0  zero_init3.o [4]
  .rodata            const     0x800'1ff8     0x0  copy_init3.o [4]
                             - 0x800'1ff8  0x1e70

"P2", part 1 of 3:                           0x1c
  P2-1                        0x2000'0000    0x1c  <Init block>
    .data            inited   0x2000'0000     0xc  port.o [1]
    .data            inited   0x2000'000c     0xc  stm32f3xx_hal.o [1]
    .data            inited   0x2000'0018     0x4  system_stm32f3xx.o [1]
                            - 0x2000'001c    0x1c

"P2", part 2 of 3:                         0x11a4
  .bss               zero     0x2000'001c   0xc18  heap_4.o [1]
  .bss               zero     0x2000'0c34   0x460  main.o [1]
  .bss               zero     0x2000'1094    0xa0  tasks.o [1]
  .bss               zero     0x2000'1134    0x8c  tasks.o [1]
                            - 0x2000'11c0  0x11a4

"P2", part 3 of 3:                          0x400
  CSTACK                      0x2000'11c0   0x400  <Block>
    CSTACK           uninit   0x2000'11c0   0x400  <Block tail>
                            - 0x2000'15c0   0x400

Unused ranges:

         From           To      Size
         ----           --      ----
   0x800'1ff8   0x803'ffff  0x3'e008
  0x2000'15c0  0x2000'9fff    0x8a40


*******************************************************************************
*** INIT TABLE
***

          Address      Size
          -------      ----
Zero (__iar_zero_init3)
    1 destination range, total size 0x11a4:
          0x2000'001c  0x11a4

Copy (__iar_copy_init3)
    1 source range, total size 0x1c:
           0x800'1e8c    0x1c
    1 destination range, total size 0x1c:
          0x2000'0000    0x1c



*******************************************************************************
*** MODULE SUMMARY
***

    Module                  ro code  ro data  rw data
    ------                  -------  -------  -------
command line/config:
    -------------------------------------------------
    Total:

C:\Users\Manlio\Desktop\desktop\programmazione\STM32\DiscoveryAnimation\EWARM\DiscoveryAnimation\Obj: [1]
    cmsis_os.o                  102
    heap_4.o                    436             3 096
    list.o                      144
    main.o                      884      128    1 120
    port.o                      400       12       12
    portasm.o                   168
    startup_stm32f303xc.o       672
    stm32f3xx_hal.o             128       12       12
    stm32f3xx_hal_cortex.o      172
    stm32f3xx_hal_gpio.o        464
    stm32f3xx_hal_i2c.o         176
    stm32f3xx_hal_i2c_ex.o      126
    stm32f3xx_hal_msp.o         344
    stm32f3xx_hal_pcd.o         152
    stm32f3xx_hal_rcc.o       1 168
    stm32f3xx_hal_rcc_ex.o      440
    stm32f3xx_hal_spi.o         184
    stm32f3xx_it.o               26
    system_stm32f3xx.o          124        4        4
    tasks.o                   1 332               300
    -------------------------------------------------
    Total:                    7 642      156    4 544

dl7M_tlf.a: [2]
    exit.o                        4
    low_level_init.o              4
    -------------------------------------------------
    Total:                        8

m7M_tls.a: [3]
    fpinit_M.o                   34
    -------------------------------------------------
    Total:                       34

rt7M_tl.a: [4]
    ABImemclr4.o                  6
    ABImemcpy_small.o            24
    ABImemset48.o                50
    cexit.o                      10
    cmain.o                      30
    copy_init3.o                 44
    cstartup_M.o                 12
    data_init.o                  40
    zero_init3.o                 58
    -------------------------------------------------
    Total:                      274

shb_l.a: [5]
    exit.o                       20
    -------------------------------------------------
    Total:                       20

    Gaps                         12        2
    Linker created                        36    1 024
-----------------------------------------------------
    Grand Total:              7 990      194    5 568


*******************************************************************************
*** ENTRY LIST
***

Entry                       Address   Size  Type      Object
-----                       -------   ----  ----      ------
.iar.init_table$$Base    0x800'1e04          --   Gb  - Linker created -
.iar.init_table$$Limit   0x800'1e28          --   Gb  - Linker created -
?main                    0x800'1e29         Code  Gb  cmain.o [4]
AHBPrescTable            0x800'1d18   0x10  Data  Gb  system_stm32f3xx.o [1]
BusFault_Handler         0x800'1eaf    0x2  Code  Gb  stm32f3xx_it.o [1]
CSTACK$$Base            0x2000'11c0          --   Gb  - Linker created -
CSTACK$$Limit           0x2000'15c0          --   Gb  - Linker created -
DebugMon_Handler         0x800'1eb3    0x2  Code  Gb  stm32f3xx_it.o [1]
HAL_GPIO_Init            0x800'1951  0x194  Code  Gb  stm32f3xx_hal_gpio.o [1]
HAL_GPIO_ReadPin         0x800'1aef    0xc  Code  Gb  stm32f3xx_hal_gpio.o [1]
HAL_GPIO_WritePin        0x800'1afb    0xa  Code  Gb  stm32f3xx_hal_gpio.o [1]
HAL_GetTick              0x800'0fc9    0xc  Code  Wk  stm32f3xx_hal.o [1]
HAL_I2CEx_ConfigAnalogFilter
                         0x800'1509   0x2a  Code  Gb  stm32f3xx_hal_i2c_ex.o [1]
HAL_I2CEx_ConfigDigitalFilter
                         0x800'1533   0x26  Code  Gb  stm32f3xx_hal_i2c_ex.o [1]
HAL_I2C_Init             0x800'1459   0xa0  Code  Gb  stm32f3xx_hal_i2c.o [1]
HAL_I2C_MspInit          0x800'1b57   0x56  Code  Gb  stm32f3xx_hal_msp.o [1]
HAL_IncTick              0x800'1ec5   0x10  Code  Wk  stm32f3xx_hal.o [1]
HAL_Init                 0x800'1435   0x20  Code  Gb  stm32f3xx_hal.o [1]
HAL_InitTick             0x800'0fd5   0x40  Code  Wk  stm32f3xx_hal.o [1]
HAL_MspInit              0x800'1b21   0x36  Code  Gb  stm32f3xx_hal_msp.o [1]
HAL_NVIC_SetPriority     0x800'1049   0x3a  Code  Gb  stm32f3xx_hal_cortex.o [1]
HAL_NVIC_SetPriorityGrouping
                         0x800'102f   0x1a  Code  Gb  stm32f3xx_hal_cortex.o [1]
HAL_PCD_Init             0x800'1679   0x98  Code  Gb  stm32f3xx_hal_pcd.o [1]
HAL_PCD_MspInit          0x800'1bfd   0x48  Code  Gb  stm32f3xx_hal_msp.o [1]
HAL_RCCEx_PeriphCLKConfig
                         0x800'1799  0x1aa  Code  Gb  stm32f3xx_hal_rcc_ex.o [1]
HAL_RCC_ClockConfig      0x800'0e43   0xe2  Code  Gb  stm32f3xx_hal_rcc.o [1]
HAL_RCC_GetSysClockFreq
                         0x800'0f45   0x3c  Code  Gb  stm32f3xx_hal_rcc.o [1]
HAL_RCC_OscConfig        0x800'0b39  0x2e4  Code  Gb  stm32f3xx_hal_rcc.o [1]
HAL_SPI_Init             0x800'15c1   0xaa  Code  Gb  stm32f3xx_hal_spi.o [1]
HAL_SPI_MspInit          0x800'1bad   0x46  Code  Gb  stm32f3xx_hal_msp.o [1]
HAL_SYSTICK_Config       0x800'1083   0x28  Code  Gb  stm32f3xx_hal_cortex.o [1]
HardFault_Handler        0x800'1eab    0x2  Code  Gb  stm32f3xx_it.o [1]
MX_GPIO_Init             0x800'121b   0xca  Code  Lc  main.o [1]
MemManage_Handler        0x800'1ead    0x2  Code  Gb  stm32f3xx_it.o [1]
NMI_Handler              0x800'1ea9    0x2  Code  Gb  stm32f3xx_it.o [1]
NVIC_SetPriority         0x800'1015   0x1a  Code  Lc  stm32f3xx_hal_cortex.o [1]
PendSV_Handler           0x800'0a91         Code  Gb  portasm.o [1]
Region$$Table$$Base      0x800'1e04          --   Gb  - Linker created -
Region$$Table$$Limit     0x800'1e28          --   Gb  - Linker created -
SVC_Handler              0x800'0ae9         Code  Gb  portasm.o [1]
StartDefaultTask         0x800'12e5    0xa  Code  Gb  main.o [1]
StartDiscoveryAnimation
                         0x800'12f1   0xe4  Code  Gb  main.o [1]
SysTick_Handler          0x800'1eb5    0xe  Code  Gb  stm32f3xx_it.o [1]
SystemClock_Config       0x800'1197   0x84  Code  Gb  main.o [1]
SystemCoreClock         0x2000'0018    0x4  Data  Gb  system_stm32f3xx.o [1]
SystemInit               0x800'1cad   0x54  Code  Gb  system_stm32f3xx.o [1]
UsageFault_Handler       0x800'1eb1    0x2  Code  Gb  stm32f3xx_it.o [1]
__aeabi_memclr4          0x800'1791         Code  Gb  ABImemclr4.o [4]
__cmain                  0x800'1e29         Code  Gb  cmain.o [4]
__exit                   0x800'1e5d   0x14  Code  Gb  exit.o [5]
__iar_Memset4_word       0x800'1c79         Code  Gb  ABImemset48.o [4]
__iar_Memset8_word       0x800'1c79         Code  Gb  ABImemset48.o [4]
__iar_copy_init3         0x800'1d8d   0x2c  Code  Gb  copy_init3.o [4]
__iar_data_init3         0x800'1db9   0x28  Code  Gb  data_init.o [4]
__iar_init_vfp           0x800'1de1         Code  Gb  fpinit_M.o [3]
__iar_program_start      0x800'1ee5         Code  Gb  cstartup_M.o [4]
__iar_small_Memcpy       0x800'1715         Code  Gb  ABImemcpy_small.o [4]
__iar_small_memcpy       0x800'1711         Code  Gb  ABImemcpy_small.o [4]
__iar_small_memcpy4      0x800'1711         Code  Gb  ABImemcpy_small.o [4]
__iar_small_memcpy8      0x800'1711         Code  Gb  ABImemcpy_small.o [4]
__iar_zero_init3         0x800'1587   0x3a  Code  Gb  zero_init3.o [4]
__low_level_init         0x800'1e47    0x4  Code  Gb  low_level_init.o [2]
__vector_table           0x800'0000         Data  Gb  startup_stm32f303xc.o [1]
_call_main               0x800'1e35         Code  Gb  cmain.o [4]
_exit                    0x800'1e51         Code  Gb  cexit.o [4]
_main                    0x800'1e43         Code  Gb  cmain.o [4]
aPLLMULFactorTable       0x800'0fa8   0x10  Data  Gb  stm32f3xx_hal_rcc.o [1]
aPredivFactorTable       0x800'0fb8   0x10  Data  Gb  stm32f3xx_hal_rcc.o [1]
defaultTaskHandle       0x2000'108c    0x4  Data  Gb  main.o [1]
discoveryAnimatHandle   0x2000'1090    0x4  Data  Gb  main.o [1]
exit                     0x800'1e4b    0x4  Code  Gb  exit.o [2]
hi2c1                   0x2000'0c98   0x4c  Data  Gb  main.o [1]
hpcd_USB_FS             0x2000'0ce4  0x3a8  Data  Gb  main.o [1]
hspi1                   0x2000'0c34   0x64  Data  Gb  main.o [1]
main                     0x800'10c1   0xd6  Code  Gb  main.o [1]
makeFreeRtosPriority     0x800'1729    0xc  Code  Lc  cmsis_os.o [1]
osDelay                  0x800'176d    0xe  Code  Gb  cmsis_os.o [1]
osKernelStart            0x800'1735    0xa  Code  Gb  cmsis_os.o [1]
osSystickHandler         0x800'177b   0x14  Code  Gb  cmsis_os.o [1]
osThreadCreate           0x800'173f   0x2e  Code  Gb  cmsis_os.o [1]
prvAddCurrentTaskToDelayedList
                         0x800'0641   0x64  Code  Lc  tasks.o [1]
prvAddNewTaskToReadyList
                         0x800'0259   0xa2  Code  Lc  tasks.o [1]
prvDeleteTCB             0x800'05bf   0x14  Code  Lc  tasks.o [1]
prvIdleTask              0x800'0569   0x56  Code  Lc  tasks.o [1]
prvInitialiseNewTask     0x800'01e1   0x78  Code  Lc  tasks.o [1]
prvInsertBlockIntoFreeList
                         0x800'0823   0x46  Code  Lc  heap_4.o [1]
prvResetNextTaskUnblockTime
                         0x800'05d3   0x1c  Code  Lc  tasks.o [1]
prvTaskExitError         0x800'0929   0x1c  Code  Lc  port.o [1]
pvPortMalloc             0x800'06bd  0x104  Code  Gb  heap_4.o [1]
pxCurrentTCB            0x2000'10bc    0x4  Data  Gb  tasks.o [1]
pxDelayedTaskList       0x2000'10c0    0x4  Data  Lc  tasks.o [1]
pxEnd                   0x2000'0024    0x4  Data  Lc  heap_4.o [1]
pxOverflowDelayedTaskList
                        0x2000'10c4    0x4  Data  Lc  tasks.o [1]
pxPortInitialiseStack    0x800'0901   0x26  Code  Gb  port.o [1]
pxReadyTasksLists       0x2000'1134   0x8c  Data  Lc  tasks.o [1]
ucHeap                  0x2000'0034  0xc00  Data  Lc  heap_4.o [1]
ucMaxSysCallPriority    0x2000'0000    0x1  Data  Lc  port.o [1]
ulMaxPRIGROUPValue      0x2000'0008    0x4  Data  Lc  port.o [1]
uwTick                  0x2000'0010    0x4  Data  Gb  stm32f3xx_hal.o [1]
uwTickFreq              0x2000'000c    0x1  Data  Gb  stm32f3xx_hal.o [1]
uwTickPrio              0x2000'0014    0x4  Data  Gb  stm32f3xx_hal.o [1]
uxCriticalNesting       0x2000'0004    0x4  Data  Lc  port.o [1]
uxCurrentNumberOfTasks  0x2000'10e0    0x4  Data  Lc  tasks.o [1]
uxDeletedTasksWaitingCleanUp
                        0x2000'10c8    0x4  Data  Lc  tasks.o [1]
uxListRemove             0x800'08dd   0x24  Code  Gb  list.o [1]
uxPendedTicks           0x2000'10f0    0x4  Data  Lc  tasks.o [1]
uxSchedulerSuspended    0x2000'1104    0x4  Data  Lc  tasks.o [1]
uxTaskNumber            0x2000'10fc    0x4  Data  Lc  tasks.o [1]
uxTopReadyPriority      0x2000'10e8    0x4  Data  Lc  tasks.o [1]
vListInitialise          0x800'0871   0x1a  Code  Gb  list.o [1]
vListInitialiseItem      0x800'088b    0x6  Code  Gb  list.o [1]
vListInsert              0x800'08ab   0x32  Code  Gb  list.o [1]
vListInsertEnd           0x800'0891   0x1a  Code  Gb  list.o [1]
vPortEnableVFP           0x800'0b1d         Code  Gb  portasm.o [1]
vPortEnterCritical       0x800'09d5   0x32  Code  Gb  port.o [1]
vPortExitCritical        0x800'0a07   0x22  Code  Gb  port.o [1]
vPortFree                0x800'07cf   0x46  Code  Gb  heap_4.o [1]
vPortStartFirstTask      0x800'0b05         Code  Gb  portasm.o [1]
vTaskDelay               0x800'02fb   0x2e  Code  Gb  tasks.o [1]
vTaskStartScheduler      0x800'0341   0x54  Code  Gb  tasks.o [1]
vTaskSuspendAll          0x800'0395    0xc  Code  Gb  tasks.o [1]
vTaskSwitchContext       0x800'0501   0x52  Code  Gb  tasks.o [1]
xBlockAllocatedBit      0x2000'0030    0x4  Data  Lc  heap_4.o [1]
xDelayedTaskList1       0x2000'1108   0x14  Data  Lc  tasks.o [1]
xDelayedTaskList2       0x2000'111c   0x14  Data  Lc  tasks.o [1]
xFreeBytesRemaining     0x2000'0028    0x4  Data  Lc  heap_4.o [1]
xIdleTaskHandle         0x2000'1130    0x4  Data  Lc  tasks.o [1]
xMinimumEverFreeBytesRemaining
                        0x2000'002c    0x4  Data  Lc  heap_4.o [1]
xNextTaskUnblockTime    0x2000'1100    0x4  Data  Lc  tasks.o [1]
xNumOfOverflows         0x2000'10f8    0x4  Data  Lc  tasks.o [1]
xPendingReadyList       0x2000'1094   0x14  Data  Lc  tasks.o [1]
xPortStartScheduler      0x800'0945   0x90  Code  Gb  port.o [1]
xPortSysTickHandler      0x800'0a29   0x1e  Code  Gb  port.o [1]
xSchedulerRunning       0x2000'10ec    0x4  Data  Lc  tasks.o [1]
xStart                  0x2000'001c    0x8  Data  Lc  heap_4.o [1]
xSuspendedTaskList      0x2000'10cc   0x14  Data  Lc  tasks.o [1]
xTaskCreate              0x800'0189   0x58  Code  Gb  tasks.o [1]
xTaskGetSchedulerState   0x800'05ef   0x18  Code  Gb  tasks.o [1]
xTaskIncrementTick       0x800'0443   0xbe  Code  Gb  tasks.o [1]
xTaskResumeAll           0x800'03a1   0x9a  Code  Gb  tasks.o [1]
xTasksWaitingTermination
                        0x2000'10a8   0x14  Data  Lc  tasks.o [1]
xTickCount              0x2000'10e4    0x4  Data  Lc  tasks.o [1]
xYieldPending           0x2000'10f4    0x4  Data  Lc  tasks.o [1]


[1] = C:\Users\Manlio\Desktop\desktop\programmazione\STM32\DiscoveryAnimation\EWARM\DiscoveryAnimation\Obj
[2] = dl7M_tlf.a
[3] = m7M_tls.a
[4] = rt7M_tl.a
[5] = shb_l.a

  7 990 bytes of readonly  code memory
    194 bytes of readonly  data memory
  5 568 bytes of readwrite data memory

Errors: none
Warnings: none
